// Jest Snapshot v1, https://goo.gl/fbAQLP

exports[`Products matches snapshot 1`] = `
<div
  className="MuiBox-root css-0"
  role="products-container"
>
  <div
    className="MuiBox-root css-xi606m"
  >
    <label
      className="MuiFormControlLabel-root MuiFormControlLabel-labelPlacementEnd css-j204z7-MuiFormControlLabel-root"
    >
      <span
        className="MuiButtonBase-root MuiCheckbox-root MuiCheckbox-colorPrimary PrivateSwitchBase-root MuiCheckbox-root MuiCheckbox-colorPrimary MuiCheckbox-root MuiCheckbox-colorPrimary css-12wnr2w-MuiButtonBase-root-MuiCheckbox-root"
        onBlur={[Function]}
        onContextMenu={[Function]}
        onDragLeave={[Function]}
        onFocus={[Function]}
        onKeyDown={[Function]}
        onKeyUp={[Function]}
        onMouseDown={[Function]}
        onMouseLeave={[Function]}
        onMouseUp={[Function]}
        onTouchEnd={[Function]}
        onTouchMove={[Function]}
        onTouchStart={[Function]}
        tabIndex={null}
      >
        <input
          checked={false}
          className="PrivateSwitchBase-input css-1m9pwf3"
          data-indeterminate={false}
          name="inexpensive products checkbox"
          onChange={[Function]}
          required={false}
          type="checkbox"
        />
        <svg
          aria-hidden={true}
          className="MuiSvgIcon-root MuiSvgIcon-fontSizeMedium css-i4bv87-MuiSvgIcon-root"
          data-testid="CheckBoxOutlineBlankIcon"
          focusable="false"
          viewBox="0 0 24 24"
        >
          <path
            d="M19 5v14H5V5h14m0-2H5c-1.1 0-2 .9-2 2v14c0 1.1.9 2 2 2h14c1.1 0 2-.9 2-2V5c0-1.1-.9-2-2-2z"
          />
        </svg>
      </span>
      <span
        className="MuiTypography-root MuiTypography-body1 MuiFormControlLabel-label css-ahj2mt-MuiTypography-root"
      >
        Inexpensive Products
      </span>
    </label>
  </div>
  <h1
    className="MuiTypography-root MuiTypography-h3 css-1vbdci0-MuiTypography-root"
    role="loading-message"
  >
    Loading
  </h1>
</div>
`;
